**
(main.tex
LaTeX2e <2021-11-15> patch level 1
L3 programming layer <2022-02-24> (qethesis.cls
Document Class: qethesis 2022/07/21 00.07 UIBK QE Thesis Class
(book.cls
Document Class: book 2021/10/04 v1.4n Standard LaTeX document class
(bk11.clo
File: bk11.clo 2021/10/04 v1.4n Standard LaTeX file (size option)
)
\c@part=\count181
\c@chapter=\count182
\c@section=\count183
\c@subsection=\count184
\c@subsubsection=\count185
\c@paragraph=\count186
\c@subparagraph=\count187
\c@figure=\count188
\c@table=\count189
\abovecaptionskip=\skip47
\belowcaptionskip=\skip48
\bibindent=\dimen138
) (helvet.sty
Package: helvet 2020/03/25 PSNFSS-v9.3 (WaS) 
 (keyval.sty
Package: keyval 2014/10/28 v1.15 key=value parser (DPC)
\KV@toks@=\toks16
)) (xcolor.sty
Package: xcolor 2021/10/31 v2.13 LaTeX color extensions (UK)
 (color.cfg
File: color.cfg 2016/01/02 v1.6 sample color configuration
)
Package xcolor Info: Driver file: xetex.def on input line 227.
 (xetex.def
File: xetex.def 2021/03/18 v5.0k Graphics/color driver for xetex
)
Package xcolor Info: Model `cmy' substituted by `cmy0' on input line 1352.
Package xcolor Info: Model `RGB' extended on input line 1368.
Package xcolor Info: Model `HTML' substituted by `rgb' on input line 1370.
Package xcolor Info: Model `Hsb' substituted by `hsb' on input line 1371.
Package xcolor Info: Model `tHsb' substituted by `hsb' on input line 1372.
Package xcolor Info: Model `HSB' substituted by `hsb' on input line 1373.
Package xcolor Info: Model `Gray' substituted by `gray' on input line 1374.
Package xcolor Info: Model `wave' substituted by `hsb' on input line 1375.
)
(natbib.sty
Package: natbib 2010/09/13 8.31b (PWD, AO)
\bibhang=\skip49
\bibsep=\skip50
LaTeX Info: Redefining \cite on input line 694.
\c@NAT@ctr=\count190
) (anysize.sty
Package: anysize 1994/08/13 setting margin sizes

document style option `anysize' loaded
Michael Salzenberg, Thomas Esser, Dirk Hillbrecht
Version 1.0, Aug 13, 1994
\@Leftmargin=\dimen139
\@Rightmargin=\dimen140
\@Topmargin=\dimen141
\@Bottommargin=\dimen142
) (graphicx.sty
Package: graphicx 2021/09/16 v1.2d Enhanced LaTeX Graphics (DPC,SPQR)
 (graphics.sty
Package: graphics 2021/03/04 v1.4d Standard LaTeX Graphics (DPC,SPQR)
 (trig.sty
Package: trig 2021/08/11 v1.11 sin cos tan (DPC)
) (graphics.cfg
File: graphics.cfg 2016/06/04 v1.11 sample graphics configuration
)
Package graphics Info: Driver file: xetex.def on input line 107.
)
\Gin@req@height=\dimen143
\Gin@req@width=\dimen144
) (hyperref.sty
Package: hyperref 2022-02-21 v7.00n Hypertext links for LaTeX

(ltxcmds.sty
Package: ltxcmds 2020-05-10 v1.25 LaTeX kernel commands for general use (HO)
) (iftex.sty
Package: iftex 2022/02/03 v1.0f TeX engine tests
) (pdftexcmds.sty
Package: pdftexcmds 2020-06-27 v0.33 Utility functions of pdfTeX for LuaTeX (HO
)
 (infwarerr.sty
Package: infwarerr 2019/12/03 v1.5 Providing info/warning/error messages (HO)
)
Package pdftexcmds Info: \pdf@primitive is available.
Package pdftexcmds Info: \pdf@ifprimitive is available.
Package pdftexcmds Info: \pdfdraftmode not found.
) (kvsetkeys.sty
Package: kvsetkeys 2019/12/15 v1.18 Key value parser (HO)
)
(kvdefinekeys.sty
Package: kvdefinekeys 2019-12-19 v1.6 Define keys (HO)
) (pdfescape.sty
Package: pdfescape 2019/12/09 v1.15 Implements pdfTeX's escape features (HO)
) (hycolor.sty
Package: hycolor 2020-01-27 v1.10 Color options for hyperref/bookmark (HO)
) (letltxmacro.sty
Package: letltxmacro 2019/12/03 v1.6 Let assignment for LaTeX macros (HO)
) (auxhook.sty
Package: auxhook 2019-12-17 v1.6 Hooks for auxiliary files (HO)
) (kvoptions.sty
Package: kvoptions 2020-10-07 v3.14 Key value format for package options (HO)
)
\@linkdim=\dimen145
\Hy@linkcounter=\count191
\Hy@pagecounter=\count192
 (pd1enc.def
File: pd1enc.def 2022-02-21 v7.00n Hyperref: PDFDocEncoding definition (HO)
) (intcalc.sty
Package: intcalc 2019/12/15 v1.3 Expandable calculations with integers (HO)
) (etexcmds.sty
Package: etexcmds 2019/12/15 v1.7 Avoid name clashes with e-TeX commands (HO)
)
\Hy@SavedSpaceFactor=\count193
 (puenc.def
File: puenc.def 2022-02-21 v7.00n Hyperref: PDF Unicode definition (HO)
)
Package hyperref Info: Hyper figures OFF on input line 4137.
Package hyperref Info: Link nesting OFF on input line 4142.
Package hyperref Info: Hyper index ON on input line 4145.
Package hyperref Info: Plain pages OFF on input line 4152.
Package hyperref Info: Backreferencing OFF on input line 4157.
Package hyperref Info: Implicit mode ON; LaTeX internals redefined.
Package hyperref Info: Bookmarks ON on input line 4390.
\c@Hy@tempcnt=\count194

(url.sty
\Urlmuskip=\muskip16
Package: url 2013/09/16  ver 3.4  Verb mode for urls, etc.
)
LaTeX Info: Redefining \url on input line 4749.
\XeTeXLinkMargin=\dimen146
 (bitset.sty
Package: bitset 2019/12/09 v1.3 Handle bit-vector datatype (HO)
 (bigintcalc.sty
Package: bigintcalc 2019/12/15 v1.5 Expandable calculations on big integers (HO
)
))
\Fld@menulength=\count195
\Field@Width=\dimen147
\Fld@charsize=\dimen148
Package hyperref Info: Hyper figures OFF on input line 6027.
Package hyperref Info: Link nesting OFF on input line 6032.
Package hyperref Info: Hyper index ON on input line 6035.
Package hyperref Info: backreferencing OFF on input line 6042.
Package hyperref Info: Link coloring OFF on input line 6047.
Package hyperref Info: Link coloring with OCG OFF on input line 6052.
Package hyperref Info: PDF/A mode OFF on input line 6057.
LaTeX Info: Redefining \ref on input line 6097.
LaTeX Info: Redefining \pageref on input line 6101.
 (atbegshi-ltx.sty
Package: atbegshi-ltx 2021/01/10 v1.0c Emulation of the original atbegshi
package with kernel methods
)
\Hy@abspage=\count196
\c@Item=\count197
\c@Hfootnote=\count198
)
Package hyperref Info: Driver (autodetected): hxetex.
 (hxetex.def
File: hxetex.def 2022-02-21 v7.00n Hyperref driver for XeTeX

(stringenc.sty
Package: stringenc 2019/11/29 v1.12 Convert strings between diff. encodings (HO
)
)
\pdfm@box=\box50
\c@Hy@AnnotLevel=\count199
\HyField@AnnotCount=\count266
\Fld@listcount=\count267
\c@bookmark@seq@number=\count268
 (rerunfilecheck.sty
Package: rerunfilecheck 2019/12/05 v1.9 Rerun checks for auxiliary files (HO)
 (atveryend-ltx.sty
Package: atveryend-ltx 2020/08/19 v1.0a Emulation of the original atveryend pac
kage
with kernel methods
) (uniquecounter.sty
Package: uniquecounter 2019/12/15 v1.4 Provide unlimited unique counter (HO)
)
Package uniquecounter Info: New unique counter `rerunfilecheck' on input line 2
86.
)
\Hy@SectionHShift=\skip51
)
(hypcap.sty
Package: hypcap 2016/05/16 v1.12 Adjusting the anchors of captions (HO)
) (adjustbox.sty
Package: adjustbox 2020/08/19 v1.3 Adjusting TeX boxes (trim, clip, ...)
 (xkeyval.sty
Package: xkeyval 2020/11/20 v2.8 package option processing (HA)
 (xkeyval (xkvutils
\XKV@toks=\toks17
\XKV@tempa@toks=\toks18
)
\XKV@depth=\count269
File: xkeyval.tex 2014/12/03 v2.7a key=value parser (HA)
)) (adjcalc.sty
Package: adjcalc 2012/05/16 v1.1 Provides advanced setlength with multiple back
-ends (calc, etex, pgfmath)
)
(trimclip.sty
Package: trimclip 2020/08/19 v1.2 Trim and clip general TeX material
 (collectbox.sty
Package: collectbox 2012/05/17 v0.4b Collect macro arguments as boxes
\collectedbox=\box51
)
\tc@llx=\dimen149
\tc@lly=\dimen150
\tc@urx=\dimen151
\tc@ury=\dimen152
Package trimclip Info: Using driver 'tc-xetex.def'.
 (tc-xetex.def
File: tc-xetex.def 2019/01/04 v2.2 Clipping driver for xetex
))
\adjbox@Width=\dimen153
\adjbox@Height=\dimen154
\adjbox@Depth=\dimen155
\adjbox@Totalheight=\dimen156
\adjbox@pwidth=\dimen157
\adjbox@pheight=\dimen158
\adjbox@pdepth=\dimen159
\adjbox@ptotalheight=\dimen160
 (ifoddpage.sty
Package: ifoddpage 2016/04/23 v1.1 Conditionals for odd/even page detection
\c@checkoddpage=\count270
) (varwidth.sty
Package: varwidth 2009/03/30 ver 0.92;  Variable-width minipages
\@vwid@box=\box52
\sift@deathcycles=\count271
\@vwid@loff=\dimen161
\@vwid@roff=\dimen162
))
(titlesec.sty
Package: titlesec 2021/07/05 v2.14 Sectioning titles
\ttl@box=\box53
\beforetitleunit=\skip52
\aftertitleunit=\skip53
\ttl@plus=\dimen163
\ttl@minus=\dimen164
\ttl@toksa=\toks19
\titlewidth=\dimen165
\titlewidthlast=\dimen166
\titlewidthfirst=\dimen167
)) (fontenc.sty
Package: fontenc 2021/04/29 v2.0v Standard LaTeX package
LaTeX Font Info:    Trying to load font information for T1+lmr on input line 11
2.
 (t1lmr.fd
File: t1lmr.fd 2015/05/01 v1.6.1 Font defs for Latin Modern
)) (lmodern.sty
Package: lmodern 2015/05/01 v1.6.1 Latin Modern Fonts
LaTeX Font Info:    Overwriting symbol font `operators' in version `normal'
(Font)                  OT1/cmr/m/n --> OT1/lmr/m/n on input line 22.
LaTeX Font Info:    Overwriting symbol font `letters' in version `normal'
(Font)                  OML/cmm/m/it --> OML/lmm/m/it on input line 23.
LaTeX Font Info:    Overwriting symbol font `symbols' in version `normal'
(Font)                  OMS/cmsy/m/n --> OMS/lmsy/m/n on input line 24.
LaTeX Font Info:    Overwriting symbol font `largesymbols' in version `normal'
(Font)                  OMX/cmex/m/n --> OMX/lmex/m/n on input line 25.
LaTeX Font Info:    Overwriting symbol font `operators' in version `bold'
(Font)                  OT1/cmr/bx/n --> OT1/lmr/bx/n on input line 26.
LaTeX Font Info:    Overwriting symbol font `letters' in version `bold'
(Font)                  OML/cmm/b/it --> OML/lmm/b/it on input line 27.
LaTeX Font Info:    Overwriting symbol font `symbols' in version `bold'
(Font)                  OMS/cmsy/b/n --> OMS/lmsy/b/n on input line 28.
LaTeX Font Info:    Overwriting symbol font `largesymbols' in version `bold'
(Font)                  OMX/cmex/m/n --> OMX/lmex/m/n on input line 29.
LaTeX Font Info:    Overwriting math alphabet `\mathbf' in version `normal'
(Font)                  OT1/cmr/bx/n --> OT1/lmr/bx/n on input line 31.
LaTeX Font Info:    Overwriting math alphabet `\mathsf' in version `normal'
(Font)                  OT1/cmss/m/n --> OT1/lmss/m/n on input line 32.
LaTeX Font Info:    Overwriting math alphabet `\mathit' in version `normal'
(Font)                  OT1/cmr/m/it --> OT1/lmr/m/it on input line 33.
LaTeX Font Info:    Overwriting math alphabet `\mathtt' in version `normal'
(Font)                  OT1/cmtt/m/n --> OT1/lmtt/m/n on input line 34.
LaTeX Font Info:    Overwriting math alphabet `\mathbf' in version `bold'
(Font)                  OT1/cmr/bx/n --> OT1/lmr/bx/n on input line 35.
LaTeX Font Info:    Overwriting math alphabet `\mathsf' in version `bold'
(Font)                  OT1/cmss/bx/n --> OT1/lmss/bx/n on input line 36.
LaTeX Font Info:    Overwriting math alphabet `\mathit' in version `bold'
(Font)                  OT1/cmr/bx/it --> OT1/lmr/bx/it on input line 37.
LaTeX Font Info:    Overwriting math alphabet `\mathtt' in version `bold'
(Font)                  OT1/cmtt/m/n --> OT1/lmtt/m/n on input line 38.
) (amsmath.sty
Package: amsmath 2021/10/15 v2.17l AMS math features
\@mathmargin=\skip54

For additional information on amsmath, use the `?' option.
(amstext.sty
Package: amstext 2021/08/26 v2.01 AMS text
 (amsgen.sty
File: amsgen.sty 1999/11/30 v2.0 generic functions
\@emptytoks=\toks20
\ex@=\dimen168
)) (amsbsy.sty
Package: amsbsy 1999/11/29 v1.2d Bold Symbols
\pmbraise@=\dimen169
) (amsopn.sty
Package: amsopn 2021/08/26 v2.02 operator names
)
\inf@bad=\count272
LaTeX Info: Redefining \frac on input line 234.
\uproot@=\count273
\leftroot@=\count274
LaTeX Info: Redefining \overline on input line 399.
\classnum@=\count275
\DOTSCASE@=\count276
LaTeX Info: Redefining \ldots on input line 496.
LaTeX Info: Redefining \dots on input line 499.
LaTeX Info: Redefining \cdots on input line 620.
\Mathstrutbox@=\box54
\strutbox@=\box55
\big@size=\dimen170
LaTeX Font Info:    Redeclaring font encoding OML on input line 743.
LaTeX Font Info:    Redeclaring font encoding OMS on input line 744.
\macc@depth=\count277
\c@MaxMatrixCols=\count278
\dotsspace@=\muskip17
\c@parentequation=\count279
\dspbrk@lvl=\count280
\tag@help=\toks21
\row@=\count281
\column@=\count282
\maxfields@=\count283
\andhelp@=\toks22
\eqnshift@=\dimen171
\alignsep@=\dimen172
\tagshift@=\dimen173
\tagwidth@=\dimen174
\totwidth@=\dimen175
\lineht@=\dimen176
\@envbody=\toks23
\multlinegap=\skip55
\multlinetaggap=\skip56
\mathdisplay@stack=\toks24
LaTeX Info: Redefining \[ on input line 2938.
LaTeX Info: Redefining \] on input line 2939.
) (amssymb.sty
Package: amssymb 2013/01/14 v3.01 AMS font symbols

(amsfonts.sty
Package: amsfonts 2013/01/14 v3.01 Basic AMSFonts support
\symAMSa=\mathgroup4
\symAMSb=\mathgroup5
LaTeX Font Info:    Redeclaring math symbol \hbar on input line 98.
LaTeX Font Info:    Overwriting math alphabet `\mathfrak' in version `bold'
(Font)                  U/euf/m/n --> U/euf/b/n on input line 106.
)) (listings.sty
\lst@mode=\count284
\lst@gtempboxa=\box56
\lst@token=\toks25
\lst@length=\count285
\lst@currlwidth=\dimen177
\lst@column=\count286
\lst@pos=\count287
\lst@lostspace=\dimen178
\lst@width=\dimen179
\lst@newlines=\count288
\lst@lineno=\count289
\lst@maxwidth=\dimen180
 (lstmisc.sty
File: lstmisc.sty 2020/03/24 1.8d (Carsten Heinz)
\c@lstnumber=\count290
\lst@skipnumbers=\count291
\lst@framebox=\box57
) (listings.cfg
File: listings.cfg 2020/03/24 1.8d listings configuration
))
Package: listings 2020/03/24 1.8d (Carsten Heinz)
 (tabularx.sty
Package: tabularx 2020/01/15 v2.11c `tabularx' package (DPC)

(array.sty
Package: array 2021/10/04 v2.5f Tabular extension package (FMi)
\col@sep=\dimen181
\ar@mcellbox=\box58
\extrarowheight=\dimen182
\NC@list=\toks26
\extratabsurround=\skip57
\backup@length=\skip58
\ar@cellbox=\box59
)
\TX@col@width=\dimen183
\TX@old@table=\dimen184
\TX@old@col=\dimen185
\TX@target=\dimen186
\TX@delta=\dimen187
\TX@cols=\count292
\TX@ftn=\toks27
) (float.sty
Package: float 2001/11/08 v1.3d Float enhancements (AL)
\c@float@type=\count293
\float@exts=\toks28
\float@box=\box60
\@float@everytoks=\toks29
\@floatcapt=\box61
) (pdfpages.sty
Package: pdfpages 2022/01/29 v0.5u Insert pages of external PDF documents (AM)
 (ifthen.sty
Package: ifthen 2020/11/24 v1.1c Standard LaTeX ifthen package (DPC)
) (calc.sty
Package: calc 2017/05/25 v4.3 Infix arithmetic (KKT,FJ)
\calc@Acount=\count294
\calc@Bcount=\count295
\calc@Adimen=\dimen188
\calc@Bdimen=\dimen189
\calc@Askip=\skip59
\calc@Bskip=\skip60
LaTeX Info: Redefining \setlength on input line 80.
LaTeX Info: Redefining \addtolength on input line 81.
\calc@Ccount=\count296
\calc@Cskip=\skip61
) (eso-pic.sty
Package: eso-pic 2020/10/14 v3.0a eso-pic (RN)
\ESO@tempdima=\dimen190
\ESO@tempdimb=\dimen191
)
\AM@pagewidth=\dimen192
\AM@pageheight=\dimen193
\AM@fboxrule=\dimen194

(ppxetex.def
File: ppxetex.def 2022/01/29 v0.5u Pdfpages driver for XeTeX (AM)
)
\pdfpages@includegraphics@status=\count297
\AM@pagebox=\box62
\AM@global@opts=\toks30
\AM@pagecnt=\count298
\AM@toc@title=\toks31
\c@AM@survey=\count299
\AM@templatesizebox=\box63
) (l3backend-xetex.def
File: l3backend-xetex.def 2022-02-07 L3 backend support: XeTeX
\c__kernel_sys_dvipdfmx_version_int=\count300
\l__color_backend_stack_int=\count301
\g__color_backend_stack_int=\count302
\g__graphics_track_int=\count303
\l__pdf_internal_box=\box64
\g__pdf_backend_object_int=\count304
\g__pdf_backend_annotation_int=\count305
\g__pdf_backend_link_int=\count306
) (main.aux)
\openout1 = `main.aux'.

LaTeX Font Info:    Checking defaults for OML/cmm/m/it on input line 102.
LaTeX Font Info:    ... okay on input line 102.
LaTeX Font Info:    Checking defaults for OMS/cmsy/m/n on input line 102.
LaTeX Font Info:    ... okay on input line 102.
LaTeX Font Info:    Checking defaults for OT1/cmr/m/n on input line 102.
LaTeX Font Info:    ... okay on input line 102.
LaTeX Font Info:    Checking defaults for T1/cmr/m/n on input line 102.
LaTeX Font Info:    ... okay on input line 102.
LaTeX Font Info:    Checking defaults for TS1/cmr/m/n on input line 102.
LaTeX Font Info:    Trying to load font information for TS1+cmr on input line 1
02.
 (ts1cmr.fd
File: ts1cmr.fd 2019/12/16 v2.5j Standard LaTeX font definitions
)
LaTeX Font Info:    ... okay on input line 102.
LaTeX Font Info:    Checking defaults for TU/lmr/m/n on input line 102.
LaTeX Font Info:    ... okay on input line 102.
LaTeX Font Info:    Checking defaults for OMX/cmex/m/n on input line 102.
LaTeX Font Info:    ... okay on input line 102.
LaTeX Font Info:    Checking defaults for U/cmr/m/n on input line 102.
LaTeX Font Info:    ... okay on input line 102.
LaTeX Font Info:    Checking defaults for PD1/pdf/m/n on input line 102.
LaTeX Font Info:    ... okay on input line 102.
LaTeX Font Info:    Checking defaults for PU/pdf/m/n on input line 102.
LaTeX Font Info:    ... okay on input line 102.
Package hyperref Info: Link coloring OFF on input line 102.
 (nameref.sty
Package: nameref 2021-04-02 v2.47 Cross-referencing by name of section

(refcount.sty
Package: refcount 2019/12/15 v3.6 Data extraction from label references (HO)
) (gettitlestring.sty
Package: gettitlestring 2019/12/15 v1.6 Cleanup title references (HO)
)
\c@section@level=\count307
)
LaTeX Info: Redefining \ref on input line 102.
LaTeX Info: Redefining \pageref on input line 102.
LaTeX Info: Redefining \nameref on input line 102.
 (main.out) (main.out)
\@outlinefile=\write3
\openout3 = `main.out'.

\c@lstlisting=\count308
 (pdflscape.sty
Package: pdflscape 2019/12/05 v0.12 Display of landscape pages in PDF (HO)

(lscape.sty
Package: lscape 2020/05/28 v3.02 Landscape Pages (DPC)
)
Package pdflscape Info: Auto-detected driver: dvipdfm (xetex) on input line 98.

)
File: uibk-watermark.pdf Graphic file (type pdf)
<use uibk-watermark.pdf>
LaTeX Font Info:    Trying to load font information for T1+lmss on input line 1
03.
 (t1lmss.fd
File: t1lmss.fd 2015/05/01 v1.6.1 Font defs for Latin Modern
)
File: uibk-ifi.pdf Graphic file (type pdf)
<use uibk-ifi.pdf>
File: qe-logo.pdf Graphic file (type pdf)
<use qe-logo.pdf>

Overfull \vbox (75.61845pt too high) has occurred while \output is active []


[1


] [2

] (sections/abstract.tex
Overfull \hbox (0.83537pt too wide) in paragraph at lines 8--17
[]\T1/lmr/m/n/10.95 Existing sys-tems such as Scratch, Code.org, Mi-crosoft Mak
e-Code, and Blockly Games demon-
 []

) [1

] [2

] (sections/ack.tex) [3] [4

] (main.toc
LaTeX Font Info:    Trying to load font information for OT1+lmr on input line 9
.
 (ot1lmr.fd
File: ot1lmr.fd 2015/05/01 v1.6.1 Font defs for Latin Modern
)
LaTeX Font Info:    Trying to load font information for OML+lmm on input line 9
.
 (omllmm.fd
File: omllmm.fd 2015/05/01 v1.6.1 Font defs for Latin Modern
)
LaTeX Font Info:    Trying to load font information for OMS+lmsy on input line 
9.

(omslmsy.fd
File: omslmsy.fd 2015/05/01 v1.6.1 Font defs for Latin Modern
)
LaTeX Font Info:    Trying to load font information for OMX+lmex on input line 
9.
 (omxlmex.fd
File: omxlmex.fd 2015/05/01 v1.6.1 Font defs for Latin Modern
)
LaTeX Font Info:    External font `lmex10' loaded for size
(Font)              <10.95> on input line 9.
LaTeX Font Info:    External font `lmex10' loaded for size
(Font)              <8> on input line 9.
LaTeX Font Info:    External font `lmex10' loaded for size
(Font)              <6> on input line 9.
LaTeX Font Info:    Trying to load font information for U+msa on input line 9.
 (umsa.fd
File: umsa.fd 2013/01/14 v3.01 AMS symbols A
)
LaTeX Font Info:    Trying to load font information for U+msb on input line 9.
 (umsb.fd
File: umsb.fd 2013/01/14 v3.01 AMS symbols B
) [5

] [6])
\tf@toc=\write4
\openout4 = `main.toc'.

 [7] [8

] (main.lof)
\tf@lof=\write5
\openout5 = `main.lof'.


[9

] [10

] (main.lot
Overfull \hbox (6.99968pt too wide) in paragraph at lines 14--14
 [][] [][]\T1/lmr/m/n/10.95 Likert rat-ings on the twenty ques-tion-naire items
 (1 = strongly dis-agree, 5 = strongly 
 []

)
\tf@lot=\write6
\openout6 = `main.lot'.

 [11

] [12

] (main.lol)
\tf@lol=\write7
\openout7 = `main.lol'.

 [13

] [14

] [15] [16

] [17] [18

]
Chapter 1.
(sections/introduction.tex [1

]) [2]
Chapter 2.
(sections/background.tex
LaTeX Font Info:    Trying to load font information for T1+lmtt on input line 1
6.
 (t1lmtt.fd
File: t1lmtt.fd 2015/05/01 v1.6.1 Font defs for Latin Modern
) [3

] [4]
Overfull \hbox (13.63148pt too wide) in paragraph at lines 118--121
\T1/lmr/m/n/10.95 LEGO Mind-storms bridge vi-sual and tex-tual pro-gram-ming in
 hardware-oriented con-texts. Code.org
 []

[5] [6] [7]) [8]
Chapter 3.
(sections/requirements.tex [9

] [10]) [11] [12]
Chapter 4.
(sections/design.tex
Underfull \hbox (badness 10000) in paragraph at lines 22--22
[]|\T1/lmr/m/n/10.95 Less flex-i-ble, tied to
 []

[13

]
Underfull \hbox (badness 2119) in paragraph at lines 53--53
[]|\T1/lmr/m/n/10.95 Limited iso-la-tion com-
 []


Underfull \hbox (badness 3439) in paragraph at lines 53--53
[]|\T1/lmr/m/n/10.95 Added com-plex-ity, la-
 []


Underfull \hbox (badness 1253) in paragraph at lines 53--53
[]|\T1/lmr/m/n/10.95 Significant de-vel-op-ment
 []


Overfull \hbox (8.2317pt too wide) in paragraph at lines 79--89
[]\T1/lmr/m/n/10.95 The first is the \T1/lmtt/m/n/10.95 remote functions \T1/lm
r/m/n/10.95 ([]) fea-ture. Server-only code in a file end-ing in \T1/lmtt/m/n/1
0.95 .remote.ts
 []

[14]
Package hyperref Info: bookmark level for unknown lstlisting defaults to 0 on i
nput line 89.
LaTeX Font Info:    Trying to load font information for TS1+lmtt on input line 
96.
 (ts1lmtt.fd
File: ts1lmtt.fd 2015/05/01 v1.6.1 Font defs for Latin Modern
) [15] [16]
File: ./images/architecture.excalidraw.png Graphic file (type bmp)
<./images/architecture.excalidraw.png>
 [17] [18]
Overfull \hbox (2.40204pt too wide) in paragraph at lines 263--275
[]\T1/lmr/m/n/10.95 The first con-nec-tion runs be-tween the per-exercise tool-
box con-straint and Sweller's \T1/lmtt/m/n/10.95 Cognitive
 []

[19] [20]) [21] [22

]
Chapter 5.
(sections/implementation.tex [23]
Underfull \hbox (badness 10000) in paragraph at lines 78--78
[]|\T1/lmr/m/n/9 Command re-play, tar-get
 []


Underfull \hbox (badness 4156) in paragraph at lines 78--78
[]|\T1/lmr/m/n/9 Grid based move-ment with
 []


Underfull \hbox (badness 2503) in paragraph at lines 78--78
\T1/lmr/m/n/9 walls, tar-gets, and op-tional
 []


Underfull \hbox (badness 1354) in paragraph at lines 78--78
\T1/lmr/m/n/9 step and turn blocks rather
 []


Underfull \vbox (badness 6961) has occurred while \output is active []

 [24]
[25]
Overfull \hbox (4.53351pt too wide) in paragraph at lines 178--180
[]\T1/lmr/m/n/10.95 The sand-box re-turns a struc-tured ex-e-cu-tion trace con-
tain-ing com-mand logs, out-put streams,
 []

[26]
File: ./images/Leaner-UI.png Graphic file (type bmp)
<./images/Leaner-UI.png>

Underfull \vbox (badness 10000) has occurred while \output is active []

 [27]
File: ./images/Teacher-Exercise-CMS.png Graphic file (type bmp)
<./images/Teacher-Exercise-CMS.png>

Underfull \vbox (badness 10000) has occurred while \output is active []

 [28]
[29] [30]
Underfull \vbox (badness 1622) has occurred while \output is active []

 [31]
[32]) [33] [34

]
Chapter 6.
(sections/evaluation.tex [35] [36] [37] [38] [39]
Underfull \hbox (badness 5374) in paragraph at lines 305--305
[]|\T1/lmr/m/n/9 blockly block la-bels
 []


Underfull \hbox (badness 10000) in paragraph at lines 305--305
[]|\T1/lmr/m/n/9 requires a ger-man
 []


Underfull \hbox (badness 7907) in paragraph at lines 305--305
\T1/lmr/m/n/9 the blockly built-in
 []


Underfull \hbox (badness 3199) in paragraph at lines 305--305
\T1/lmr/m/n/9 blocks along-side the
 []


Underfull \hbox (badness 10000) in paragraph at lines 305--305
\T1/lmr/m/n/9 ex-ist-ing ap-pli-ca-tion
 []


Underfull \hbox (badness 10000) in paragraph at lines 305--305
[]|\T1/lmr/m/n/9 "add check" but-ton
 []


Underfull \hbox (badness 7451) in paragraph at lines 305--305
[]|\T1/lmr/m/n/9 the input-block au-
 []


Underfull \hbox (badness 10000) in paragraph at lines 305--305
\T1/lmr/m/n/9 thor-ing path needs
 []


Underfull \hbox (badness 2318) in paragraph at lines 305--305
[]|\T1/lmr/m/n/9 preview path should
 []


Underfull \hbox (badness 10000) in paragraph at lines 305--305
\T1/lmr/m/n/9 reuse the same
 []


Underfull \hbox (badness 10000) in paragraph at lines 305--305
\T1/lmr/m/n/9 publish-validation
 []


Underfull \hbox (badness 1199) in paragraph at lines 305--305
[]|\T1/lmr/m/n/9 save ac-tion on ex-er-
 []


Underfull \hbox (badness 2653) in paragraph at lines 305--305
\T1/lmr/m/n/9 cise/-course does not
 []


Underfull \hbox (badness 2065) in paragraph at lines 305--305
[]|\T1/lmr/m/n/9 post-save redi-rect to
 []


Underfull \hbox (badness 10000) in paragraph at lines 305--305
\T1/lmr/m/n/9 the ex-er-cise de-tail
 []


Underfull \hbox (badness 10000) in paragraph at lines 305--305
[]|\T1/lmr/m/n/9 requires a small
 []


Underfull \hbox (badness 10000) in paragraph at lines 305--305
\T1/lmr/m/n/9 course-picker af-for-
 []


Underfull \hbox (badness 10000) in paragraph at lines 305--305
[]|\T1/lmr/m/n/9 authoring sur-face
 []


Underfull \hbox (badness 10000) in paragraph at lines 305--305
\T1/lmr/m/n/9 over-all feels over-
 []


Underfull \hbox (badness 10000) in paragraph at lines 305--305
\T1/lmr/m/n/9 in-struc-tional video
 []


Underfull \hbox (badness 10000) in paragraph at lines 305--305
\T1/lmr/m/n/9 over-lay; per-section
 []


Underfull \hbox (badness 1655) in paragraph at lines 305--305
\T1/lmr/m/n/9 sur-faces are not yet
 []


Underfull \hbox (badness 4940) in paragraph at lines 305--305
[]|\T1/lmr/m/n/9 per-student an-a-lyt-ics
 []


Underfull \hbox (badness 10000) in paragraph at lines 305--305
[]|\T1/lmr/m/n/9 teacher can-not tell
 []


Underfull \hbox (badness 10000) in paragraph at lines 305--305
\T1/lmr/m/n/9 which blocks are
 []


Underfull \hbox (badness 4341) in paragraph at lines 305--305
\T1/lmr/m/n/9 needed to solve an
 []


Underfull \hbox (badness 2343) in paragraph at lines 305--305
[]|\T1/lmr/m/n/9 teacher train-ing and
 []


Underfull \hbox (badness 10000) in paragraph at lines 305--305
[]|\T1/lmr/m/n/9 distraction risk
 []


Underfull \hbox (badness 10000) in paragraph at lines 305--305
\T1/lmr/m/n/9 on shared tablets
 []


Underfull \hbox (badness 3449) in paragraph at lines 305--305
[]|\T1/lmr/m/n/9 requires plat-form to
 []


Underfull \hbox (badness 1648) in paragraph at lines 305--305
\T1/lmr/m/n/9 made as an app so
 []


LaTeX Warning: Float too large for page by 25.77312pt on input line 306.

[40] [41])
Underfull \hbox (badness 10000) in paragraph at lines 352--155

 []

[42]
Chapter 7.
(sections/conclusion.tex [43

] [44]) [45] [46

] (main.bbl [47

]
Underfull \hbox (badness 2922) in paragraph at lines 128--132
[]\T1/lmr/m/n/10.95 LEGO.  Lego mind-storms, 2026.  URL []$\T1/lmtt/m/n/10.95 h
ttps : / / www . lego . com / en-[]us / themes /
 []

[48]) [49] [50

]
Chapter 8.
File: ./EvaluationForm.pdf Graphic file (type pdf)
<use ./EvaluationForm.pdf>
File: ./EvaluationForm.pdf Graphic file (type pdf)
<use ./EvaluationForm.pdf>
File: ./EvaluationForm.pdf Graphic file (type pdf)
<use ./EvaluationForm.pdf, page 1>
File: ./EvaluationForm.pdf Graphic file (type pdf)
<use ./EvaluationForm.pdf, page 1>
[51]
File: ./EvaluationForm.pdf Graphic file (type pdf)
<use ./EvaluationForm.pdf, page 1>
File: ./EvaluationForm.pdf Graphic file (type pdf)
<use ./EvaluationForm.pdf, page 1>
File: ./EvaluationForm.pdf Graphic file (type pdf)
<use ./EvaluationForm.pdf, page 1>
 [52]
File: ./EvaluationForm.pdf Graphic file (type pdf)
<use ./EvaluationForm.pdf, page 2>
File: ./EvaluationForm.pdf Graphic file (type pdf)
<use ./EvaluationForm.pdf, page 2>
File: ./EvaluationForm.pdf Graphic file (type pdf)
<use ./EvaluationForm.pdf, page 2>
 [53]
File: ./EvaluationForm.pdf Graphic file (type pdf)
<use ./EvaluationForm.pdf, page 3>
File: ./EvaluationForm.pdf Graphic file (type pdf)
<use ./EvaluationForm.pdf, page 3>
File: ./EvaluationForm.pdf Graphic file (type pdf)
<use ./EvaluationForm.pdf, page 3>
 [54]
File: ./EvaluationForm.pdf Graphic file (type pdf)
<use ./EvaluationForm.pdf, page 4>
File: ./EvaluationForm.pdf Graphic file (type pdf)
<use ./EvaluationForm.pdf, page 4>
File: ./EvaluationForm.pdf Graphic file (type pdf)
<use ./EvaluationForm.pdf, page 4>
 [55]
File: ./EvaluationForm.pdf Graphic file (type pdf)
<use ./EvaluationForm.pdf, page 5>
File: ./EvaluationForm.pdf Graphic file (type pdf)
<use ./EvaluationForm.pdf, page 5>
File: ./EvaluationForm.pdf Graphic file (type pdf)
<use ./EvaluationForm.pdf, page 5>
 [56]
File: ./EvaluationForm.pdf Graphic file (type pdf)
<use ./EvaluationForm.pdf, page 6>
File: ./EvaluationForm.pdf Graphic file (type pdf)
<use ./EvaluationForm.pdf, page 6>
File: ./EvaluationForm.pdf Graphic file (type pdf)
<use ./EvaluationForm.pdf, page 6>
 [57]
File: ./EvaluationForm.pdf Graphic file (type pdf)
<use ./EvaluationForm.pdf, page 7>
File: ./EvaluationForm.pdf Graphic file (type pdf)
<use ./EvaluationForm.pdf, page 7>
File: ./EvaluationForm.pdf Graphic file (type pdf)
<use ./EvaluationForm.pdf, page 7>
 [58]
File: ./EvaluationForm.pdf Graphic file (type pdf)
<use ./EvaluationForm.pdf, page 8>
File: ./EvaluationForm.pdf Graphic file (type pdf)
<use ./EvaluationForm.pdf, page 8>
File: ./EvaluationForm.pdf Graphic file (type pdf)
<use ./EvaluationForm.pdf, page 8>
 [59]
File: ./EvaluationForm.pdf Graphic file (type pdf)
<use ./EvaluationForm.pdf, page 9>
File: ./EvaluationForm.pdf Graphic file (type pdf)
<use ./EvaluationForm.pdf, page 9>
File: ./EvaluationForm.pdf Graphic file (type pdf)
<use ./EvaluationForm.pdf, page 9>
 [60]
File: ./EvaluationForm.pdf Graphic file (type pdf)
<use ./EvaluationForm.pdf, page 10>
File: ./EvaluationForm.pdf Graphic file (type pdf)
<use ./EvaluationForm.pdf, page 10>
File: ./EvaluationForm.pdf Graphic file (type pdf)
<use ./EvaluationForm.pdf, page 10>
 [61]
File: ./EvaluationForm.pdf Graphic file (type pdf)
<use ./EvaluationForm.pdf, page 11>
File: ./EvaluationForm.pdf Graphic file (type pdf)
<use ./EvaluationForm.pdf, page 11>
File: ./EvaluationForm.pdf Graphic file (type pdf)
<use ./EvaluationForm.pdf, page 11>
 [62]
File: ./EvaluationForm.pdf Graphic file (type pdf)
<use ./EvaluationForm.pdf, page 12>
File: ./EvaluationForm.pdf Graphic file (type pdf)
<use ./EvaluationForm.pdf, page 12>
File: ./EvaluationForm.pdf Graphic file (type pdf)
<use ./EvaluationForm.pdf, page 12>
 [63]
File: ./EvaluationForm.pdf Graphic file (type pdf)
<use ./EvaluationForm.pdf, page 13>
File: ./EvaluationForm.pdf Graphic file (type pdf)
<use ./EvaluationForm.pdf, page 13>
File: ./EvaluationForm.pdf Graphic file (type pdf)
<use ./EvaluationForm.pdf, page 13>
 [64]
File: ./EvaluationForm.pdf Graphic file (type pdf)
<use ./EvaluationForm.pdf, page 14>
File: ./EvaluationForm.pdf Graphic file (type pdf)
<use ./EvaluationForm.pdf, page 14>
File: ./EvaluationForm.pdf Graphic file (type pdf)
<use ./EvaluationForm.pdf, page 14>
 [65]
(main.aux)
Package rerunfilecheck Info: File `main.out' has not changed.
(rerunfilecheck)             Checksum: AF9221774E377085CA0B430A8C40A6D8;14912.
 )
Output written on main.xdv (85 pages, 336584 bytes).
